[dotenv@17.2.3] injecting env (0) from .env -- tip: ≡ƒöä add secrets lifecycle management: https://dotenvx.com/ops
[dotenv@17.2.3] injecting env (19) from config\.env -- tip: ≡ƒöÉ prevent building .env in docker: https://dotenvx.com/prebuild
Executing (default): SELECT `appointment`.`appointment_id`, `appointment`.`patient_id`, `appointment`.`doctor_id`, `appointment`.`appointment_date`, `appointment`.`schedule_id`, `appointment`.`time_slot`, `appointment`.`status`, `appointment`.`payment_status`, `appointment`.`appointment_number`, `appointment`.`is_noshow`, `appointment`.`created_at`, `appointment`.`updated_at`, `doctor`.`doctor_id` AS `doctor.doctor_id`, `doctor`.`full_name` AS `doctor.full_name`, `doctor`.`specialization` AS `doctor.specialization`, `patient`.`patient_id` AS `patient.patient_id`, `patient`.`full_name` AS `patient.full_name` FROM `appointment` AS `appointment` LEFT OUTER JOIN `doctor` AS `doctor` ON `appointment`.`doctor_id` = `doctor`.`doctor_id` LEFT OUTER JOIN `patient` AS `patient` ON `appointment`.`patient_id` = `patient`.`patient_id` WHERE `appointment`.`appointment_date` BETWEEN '2020-01-01' AND '2026-12-31';
